START 21:12:41 timeout 1500 node qa/placement.mjs all 4177 --json=/tmp/crew-placement/before-all.json

══ MAPLE ══  5441 static props (40 benches, 70 houses w/ doors), audited in 21s  FAIL
   category      n  verdict  worst
   road          14  FAIL  #2519 prop r=1 foot=3.2x0.2 h=4.4 at (-85.5,-123.4) [3.2] | #2524 prop r=1 foot=3.2x0.2 h=4.4 at (85.5,46.6) [3.2] | #2529 prop r=1 foot=3.2x0.2 h=4.4 at (0.0,166.6) [3.2]
   water          0  ok    
   offisland      1  FAIL  #5440 bldg r=5.6 foot=3.5x0.8 h=14.9 at (-248.3,131.8)
   overhang       3  info  #1218 bldg r=4.2 foot=20.1x4.0 h=5.4 at (-65.0,271.5) [2] | #1355 prop r=0.77 foot=1.4x1.4 h=1.4 at (-194.1,-230.0) [2] | #1655 prop r=0.82 foot=1.4x1.4 h=1.4 at (245.2,-116.7) [2]
   float          0  ok    
   sunk         171  info  #5436 prop r=2 foot=4.0x4.0 h=0.8 at (-128.3,-213.8) top 0.40 min -0.40 [0.4] | #2368 prop r=0.77 foot=1.0x0.9 h=0.3 at (-188.7,210.0) top 0.28 min 0.00 | #2370 prop r=0.69 foot=1.0x0.9 h=0.3 at (-206.9,212.7) top 0.28 min 0.00
   inside       189  FAIL  #3924 bldg r=2.8 foot=1.4x1.4 h=8.7 at (40.4,-60.3) INSIDE #0 bldg r=6.5 foot=22.0x21.5 h=19.4 at (42.8,-64.8) [5.75] | #1833 prop r=0.66 foot=1.2x1.3 h=1.6 at (48.0,-64.5) INSIDE #0 bldg r=6.5 foot=22.0x21.5 h=19.4 at (42.8,-64.8) [5.47] | #2803 prop r=1.8 foot=0.7x0.9 h=1.7 at (136.6,148.1) INSIDE #5269 bldg r=5.2 foot=16.0x11.5 h=14.4 at (136.0,148.0) [5.18]
   under         86  info  #1594 prop r=0.81 foot=1.0x0.1 h=1.5 at (63.5,-151.0) under #703 bldg r=5.5 foot=25.1x16.6 h=27.9 at (64.0,-148.7) [5.86] | #5409 prop r=1.2 foot=1.8x0.1 h=1.9 at (41.3,-59.3) under #0 bldg r=6.5 foot=22.0x21.5 h=19.4 at (42.8,-64.8) [5.05] | #5410 prop r=1.2 foot=1.8x0.1 h=1.9 at (44.3,-59.3) under #0 bldg r=6.5 foot=22.0x21.5 h=19.4 at (42.8,-64.8) [5.05]
   overlap      451  FAIL  #78 prop r=2.4 foot=5.8x3.6 h=3.3 at (-47.8,-51.3) x #5420 bldg r=6 foot=13.1x4.8 h=8.1 at (-42.8,-50.3) [3.37] | #79 prop r=2.4 foot=5.8x3.6 h=3.3 at (-37.8,-51.3) x #5420 bldg r=6 foot=13.1x4.8 h=8.1 at (-42.8,-50.3) [3.37] | #360 house r=3.2 foot=6.4x6.9 h=6.1 at (-118.3,99.6) x #5307 bldg r=5.2 foot=16.0x11.5 h=14.4 at (-125.1,106.0) [2.83]
   roadend        0  ok    
   door           4  FAIL  #197 house r=3.2 foot=6.1x6.6 h=6.4 at (-118.3,-14.1): doorstep blocked by #4384 prop r=2 foot=2.5x3.0 h=2.0 at (-118.8,-10.1) [1] | #309 house r=3.2 foot=5.8x7.3 h=6.4 at (-156.9,42.8): doorstep blocked by #1990 prop r=0.55 foot=1.2x1.2 h=0.6 at (-161.3,42.7) [1] | #423 house r=3.2 foot=6.8x6.4 h=5.6 at (-72.8,99.6): doorstep blocked by #2236 prop r=0.8 foot=1.4x1.4 h=1.3 at (-72.9,95.6) [1]
   bench          3  FAIL  #25 bench r=2.4 foot=3.0x1.0 h=2.0 at (57.8,-15.5) faces #2 bldg r=4 foot=9.8x10.0 h=3.9 at (61.5,-16.0) 1.2u in front [1.8] | #918 bench r=1.6 foot=3.0x1.0 h=2.0 at (139.1,154.9) faces #917 prop r=1.6 foot=3.6x3.0 h=2.4 at (139.4,158.1) 2u in front [1] | #24 bench r=2.4 foot=3.0x1.0 h=2.0 at (57.8,-28.5) faces #3125 prop r=1.4 foot=3.7x3.1 h=2.4 at (54.8,-29.9) 2.8u in front [0.2]
   benchaway     13  info  #880 bench r=1.6 foot=3.0x1.0 h=2.0 at (132.8,9.3) back to road z=0 (dot -1.00, 9.3u off) [1] | #940 bench r=1.6 foot=3.0x1.0 h=2.0 at (233.7,93.8) back to road z=86 (dot -1.00, 8.3u off) [1] | #1247 bench r=2.4 foot=3.0x1.0 h=2.0 at (-227.3,179.1) back to road z=171 (dot -1.00, 8.1u off) [1]
   piste          0  info  

══ PIRATE ══  3526 static props (24 benches, 0 houses w/ doors), audited in 13s  FAIL
   category      n  verdict  worst
   road         109  FAIL  #2409 prop r=1.4 foot=2.0x1.8 h=1.3 at (129.8,-48.0) [8.74] | #3498 bench r=2.4 foot=3.0x1.0 h=2.0 at (7.9,197.4) [8.66] | #2421 prop r=1.4 foot=2.0x1.8 h=1.3 at (137.3,22.0) [8.45]
   water          0  ok    
   offisland      2  FAIL  #129 bldg r=2.6 foot=0.8x0.8 h=7.5 at (101.2,-209.2) | #3138 prop r=2.4 foot=2.1x2.3 h=2.0 at (-184.6,59.3)
   overhang      83  info  #49 bldg r=2.6 foot=0.8x0.8 h=7.5 at (147.9,188.7) [2] | #359 bldg r=4.8 foot=4.2x3.7 h=6.6 at (61.3,109.2) [2] | #378 bldg r=4.8 foot=4.0x6.8 h=5.2 at (104.1,66.3) [2]
   float          0  ok    
   sunk         486  info  #1226 prop r=0.5 foot=1.0x0.8 h=0.3 at (76.3,201.8) top 0.28 min 0.00 | #1227 prop r=0.5 foot=1.0x0.8 h=0.3 at (209.9,148.8) top 0.28 min 0.00 | #1228 prop r=0.5 foot=1.0x0.8 h=0.3 at (59.2,160.6) top 0.28 min 0.00
   inside        72  FAIL  #3080 prop r=2.2 foot=4.0x4.0 h=2.6 at (-125.4,15.6) INSIDE #3520 bldg r=5 foot=11.6x9.8 h=10.4 at (-124.5,16.3) [3.82] | #3343 prop r=0.5 foot=1.0x0.9 h=0.3 at (-64.9,170.8) INSIDE #3384 bldg r=2.8 foot=11.4x8.4 h=6.5 at (-65.0,172.5) [2.46] | #2100 prop r=1.4 foot=1.9x1.9 h=2.2 at (45.8,-132.4) INSIDE #2137 bldg r=7.5 foot=31.2x15.6 h=17.5 at (41.7,-128.8) [2.34]
   under         59  info  #2127 prop r=1.4 foot=1.9x1.9 h=2.2 at (41.6,-134.3) under #2137 bldg r=7.5 foot=31.2x15.6 h=17.5 at (41.7,-128.8) [2.39] | #3517 prop r=2.4 foot=1.5x3.6 h=1.2 at (170.6,-59.0) under #2380 bldg r=3 foot=6.4x6.4 h=6.9 at (169.5,-58.5) [2] | #3514 prop r=2.4 foot=3.2x3.4 h=2.3 at (154.1,55.7) under #2386 bldg r=3 foot=6.4x6.4 h=6.9 at (152.6,57.0) [1.23]
   overlap      276  FAIL  #2470 bldg r=7 foot=12.8x12.0 h=11.6 at (162.9,-42.7) x #2542 prop r=2.2 foot=8.3x8.3 h=2.6 at (169.9,-44.2) [4.71] | #2376 bldg r=3 foot=6.4x6.4 h=6.9 at (150.7,-59.9) x #2405 bldg r=5.5 foot=14.4x10.0 h=4.3 at (145.2,-55.1) [4.49] | #2043 bldg r=5.5 foot=14.4x10.0 h=4.3 at (171.2,-19.7) x #2538 prop r=2.2 foot=8.3x8.3 h=2.6 at (166.7,-15.0) [4.43]
   roadend        4  FAIL  PROMENADE end 0 at (5.0,-210.0) joins NOTHING | PROMENADE end 1 at (40.0,214.0) joins NOTHING | TRAIL end 0 at (10.0,-125.0) joins NOTHING | TRAIL end 1 at (-130.0,130.0) joins NOTHING
   door           0  ok    
   bench          0  ok    
   benchaway      0  info  
   piste          0  info  

══ GAMEDAY ══  6055 static props (0 benches, 0 houses w/ doors), audited in 35s  FAIL
   category      n  verdict  worst
   road           1  FAIL  #5726 prop r=1 foot=3.9x3.2 h=2.5 at (100.4,-146.0) [0.96]
   water          0  ok    
   offisland      1  FAIL  #6054 bldg r=5.6 foot=3.5x0.8 h=14.9 at (-248.3,131.8)
   overhang      41  info  #5069 prop r=1.4 foot=3.6x2.9 h=2.7 at (67.6,245.2) [2] | #5383 prop r=1.2 foot=0.2x4.0 h=3.2 at (129.4,229.7) [2] | #5484 prop r=1.4 foot=3.5x2.1 h=2.2 at (224.4,-60.9) [2]
   float          0  ok    
   sunk         222  info  #1146 prop r=0.5 foot=0.8x0.4 h=0.4 at (43.4,87.9) top 0.42 min -0.00 | #1147 prop r=0.5 foot=0.8x0.4 h=0.4 at (-38.0,22.3) top 0.42 min -0.00 | #1148 prop r=0.5 foot=0.8x0.4 h=0.4 at (-58.0,9.7) top 0.42 min -0.00
   inside        38  FAIL  #5111 prop r=0.8 foot=1.4x1.0 h=1.6 at (-101.4,54.9) INSIDE #1926 rv r=4.2 foot=12.2x6.6 h=5.2 at (-103.2,51.3) [-0.7] | #1197 prop r=0.5 foot=0.8x0.4 h=0.4 at (-29.9,191.0) INSIDE #1396 bldg r=3 foot=7.0x4.2 h=4.0 at (-27.5,192.9) [-0.94] | #2296 prop r=1.6 foot=3.0x1.1 h=1.5 at (-116.5,8.4) INSIDE #1940 rv r=4.2 foot=12.2x6.6 h=5.2 at (-119.2,4.9) [-1.09]
   under        165  info  #2339 prop r=1 foot=0.7x0.7 h=5.6 at (-116.1,39.4) under #1948 rv r=4.2 foot=12.2x6.6 h=5.2 at (-114.3,37.1) [0.4] | #2060 prop r=0.7 foot=0.9x1.0 h=1.4 at (-160.8,29.8) under #1949 rv r=4.2 foot=12.2x6.6 h=5.2 at (-161.9,27.0) [0.33] | #837 prop r=0.7 foot=0.9x1.0 h=1.4 at (-32.6,181.1) under #183 rv r=4.2 foot=12.2x6.6 h=5.2 at (-29.7,182.4) [0.1]
   overlap      536  FAIL  #1934 rv r=4.2 foot=12.2x6.6 h=5.2 at (-174.3,75.2) x #1954 rv r=4.2 foot=12.2x6.6 h=5.2 at (-171.0,81.7) [5.19] | #2883 house r=8 foot=17.6x9.6 h=9.9 at (123.1,40.5) x #2901 house r=8 foot=17.6x9.6 h=9.9 at (110.0,45.3) [4.45] | #1944 rv r=4.2 foot=12.2x6.6 h=5.2 at (-167.9,32.2) x #1960 rv r=4.2 foot=12.2x6.6 h=5.2 at (-170.9,25.4) [3.96]
   roadend        0  ok    
   door           0  ok    
   bench          0  ok    
   benchaway      0  info  
   piste          0  info  

══ LANTERN ══  4516 static props (0 benches, 0 houses w/ doors), audited in 16s  FAIL
   category      n  verdict  worst
   road          25  FAIL  #939 house r=3.4 foot=12.2x3.6 h=4.2 at (51.1,32.6) [3.07] | #932 house r=3.4 foot=12.2x3.6 h=4.2 at (58.1,118.0) [2.69] | #944 house r=3.4 foot=12.2x3.6 h=4.2 at (51.1,189.6) [2.38]
   water        355  FAIL  #1039 prop r=2.2 foot=7.5x1.7 h=2.3 at (12.7,195.4) [7.5] | #1040 prop r=2.2 foot=7.0x1.7 h=2.3 at (14.0,132.2) [7.5] | #1041 prop r=2.2 foot=7.9x1.7 h=2.3 at (25.7,91.6) [7.5]
   offisland      6  FAIL  #3588 bldg r=2.6 foot=1.6x1.7 h=10.7 at (-50.1,232.0) | #3972 prop r=1.1 foot=2.3x1.9 h=1.8 at (5.5,-250.3) | #3974 prop r=1.1 foot=2.3x1.8 h=1.9 at (114.8,22.0)
   overhang      39  info  #1007 house r=3.4 foot=12.2x3.6 h=4.2 at (126.9,50.0) [2] | #3440 bldg r=2.6 foot=2.1x2.1 h=10.7 at (120.9,-196.2) [2] | #3611 bldg r=2.6 foot=1.7x1.0 h=10.9 at (62.6,-242.6) [2]
   float          0  ok    
   sunk         454  info  #4188 prop r=0.9 foot=2.3x2.7 h=0.7 at (66.2,203.9) top 0.60 min -0.07 [0.07] | #3124 prop r=0.9 foot=2.4x2.3 h=0.6 at (65.7,-61.3) top 0.58 min -0.01 [0.01] | #4212 prop r=0.9 foot=2.4x2.4 h=0.6 at (-124.9,157.0) top 0.59 min -0.01 [0.01]
   inside        34  FAIL  #3423 prop r=0.9 foot=0.8x0.8 h=1.2 at (94.8,-140.0) INSIDE #3369 bldg r=3.06 foot=8.4x8.9 h=5.3 at (91.0,-141.2) [0.2] | #2771 prop r=0.5 foot=0.5x0.5 h=0.8 at (137.2,113.5) INSIDE #2522 house r=4.2 foot=7.2x7.8 h=4.9 at (140.6,114.3) [0.03] | #2839 prop r=0.7 foot=0.9x0.9 h=0.6 at (112.9,115.8) INSIDE #2523 house r=4.2 foot=8.1x6.8 h=4.9 at (115.5,118.0) [-0.04]
   under        114  info  #1350 prop r=0.5 foot=0.5x0.5 h=0.8 at (89.5,-167.2) under #3367 bldg r=4.14 foot=10.8x10.6 h=5.1 at (93.4,-168.7) [1.12] | #3470 prop r=1.1 foot=1.7x1.5 h=1.7 at (90.7,-145.2) under #3369 bldg r=3.06 foot=8.4x8.9 h=5.3 at (91.0,-141.2) [0.2] | #3545 prop r=0.5 foot=0.5x0.5 h=0.8 at (102.8,-196.8) under #3366 bldg r=4.86 foot=12.0x13.1 h=4.8 at (104.1,-191.1) [0.18]
   overlap      192  FAIL  #1792 house r=3.4 foot=9.2x3.6 h=4.2 at (87.5,-140.3) x #3369 bldg r=3.06 foot=8.4x8.9 h=5.3 at (91.0,-141.2) [3.62] | #916 house r=3.4 foot=12.2x3.6 h=4.2 at (-12.0,59.0) x #938 house r=3.4 foot=9.2x3.6 h=4.2 at (-19.3,59.0) [3.49] | #918 house r=3.4 foot=12.2x3.6 h=4.2 at (92.0,64.2) x #1000 house r=3.4 foot=12.2x3.6 h=4.2 at (99.9,64.8) [3.08]
   roadend        0  ok    MARKET end 0 at (41.0,210.0) joins coast | MARKET end 1 at (40.5,-133.0) joins BATHHOUSE
   door           0  ok    
   bench          0  ok    
   benchaway      0  info  
   piste          0  info  

══ POWDER ══  4147 static props (0 benches, 0 houses w/ doors), audited in 12s  FAIL
   category      n  verdict  worst
   road          11  FAIL  #2134 prop r=0.46 foot=2.2x1.9 h=0.8 at (9.4,80.7) [1.19] | #1017 prop r=0.38 foot=2.1x1.9 h=0.8 at (51.6,106.0) [1.08] | #1511 prop r=0.44 foot=2.2x1.6 h=0.8 at (70.8,93.2) [1.02]
   water        612  FAIL  #94 pine r=2.3 foot=3.1x3.1 h=6.3 at (-51.6,76.1) | #114 pine r=2.1 foot=3.2x3.2 h=6.6 at (-80.1,8.5) | #170 pine r=2.13 foot=3.1x3.1 h=6.4 at (-93.5,22.9)
   offisland      3  FAIL  #421 prop r=0.55 foot=2.4x0.6 h=0.5 at (137.6,89.1) | #2826 prop r=0.47 foot=2.3x1.9 h=0.9 at (-13.3,-240.4) | #4146 bldg r=5.6 foot=3.5x0.8 h=14.9 at (-248.3,131.8)
   overhang      39  info  #1219 prop r=0.36 foot=1.7x1.4 h=0.7 at (26.8,224.3) [2] | #1252 prop r=0.39 foot=1.6x1.2 h=0.6 at (87.3,-212.3) [2] | #1406 prop r=0.39 foot=2.2x2.3 h=0.9 at (-144.6,82.5) [2]
   float          0  ok    
   sunk        2498  info  #459 prop r=0.46 foot=2.2x1.9 h=0.8 at (120.8,58.3) top 0.60 min -0.22 [0.22] | #460 prop r=0.41 foot=2.2x1.5 h=0.8 at (-54.7,-20.6) top 0.59 min -0.22 [0.22] | #474 prop r=0.37 foot=2.2x1.7 h=0.8 at (59.4,-51.2) top 0.60 min -0.22 [0.22]
   inside        45  FAIL  #1812 prop r=0.41 foot=2.2x1.8 h=0.8 at (88.6,139.2) INSIDE #12 chalet r=3.6 foot=9.0x6.9 h=10.0 at (88.5,139.0) [3.17] | #505 prop r=0.46 foot=1.3x1.2 h=0.5 at (83.8,165.1) INSIDE #20 chalet r=3.6 foot=9.6x6.3 h=9.6 at (84.4,165.2) [2.61] | #2953 prop r=0.4 foot=1.8x1.4 h=0.7 at (-25.2,154.1) INSIDE #10 chalet r=3.6 foot=10.4x6.2 h=9.5 at (-25.7,154.3) [2.49]
   under          3  info  #1657 prop r=0.38 foot=1.2x0.9 h=0.5 at (20.9,132.3) under #8 chalet r=3.6 foot=9.6x5.8 h=9.3 at (19.3,134.3) [0.34] | #673 prop r=0.4 foot=2.3x1.7 h=0.9 at (30.5,165.8) under #13 chalet r=3.6 foot=9.8x6.0 h=9.4 at (27.2,164.1) [-0.71] | #1772 prop r=0.38 foot=1.2x0.9 h=0.5 at (21.6,130.4) under #8 chalet r=3.6 foot=9.6x5.8 h=9.3 at (19.3,134.3) [-1.64]
   overlap      951  FAIL  #1 chalet r=3.6 foot=10.7x5.4 h=9.0 at (19.8,113.0) x #3 chalet r=3.6 foot=10.5x5.9 h=9.3 at (15.2,115.1) [5.38] | #143 pine r=1.85 foot=3.9x3.9 h=8.0 at (-97.3,-90.9) x #264 drift r=0.95 foot=5.3x4.3 h=2.0 at (-98.4,-91.6) [3.46] | #151 pine r=2.11 foot=4.0x4.0 h=8.3 at (-122.9,-14.3) x #4105 drift r=0.95 foot=4.8x4.7 h=1.9 at (-121.6,-15.0) [3.41]
   roadend        0  ok    GRIT end 0 at (17.5,77.5) joins LAKE | GRIT end 1 at (47.5,-10.0) joins PISTE
   door           0  ok    
   bench          0  ok    
   benchaway      0  info  
   piste         29  info  #289 lift r=2.2 foot=2.4x2.4 h=11.6 at (43.4,-22.3) [13] | #290 lift r=2.2 foot=2.4x2.4 h=11.6 at (35.2,-47.0) [13] | #291 lift r=2.2 foot=2.4x2.4 h=11.6 at (26.9,-71.7) [13]

PLACEMENT FAIL — maple,pirate,gameday,lantern,powder  (bars: road lip 0.25, float 0.3, buried top 0.6, overlap 0.35, door 1.6, ground 1)
EXIT 1 21:14:31
