
══ GAMEDAY ══  5950 static props (0 benches, 0 houses w/ doors), audited in 49s  FAIL
   category      n  verdict  worst
   road           0  ok    
   water          0  ok    
   offisland      3  FAIL  #5109 prop r=0.9 foot=1.7x1.2 h=1.2 at (153.4,179.9) | #5111 prop r=0.9 foot=1.7x1.2 h=1.2 at (144.7,188.3) | #5949 bldg r=5.6 foot=3.5x0.8 h=14.9 at (-248.3,131.8)
   overhang      59  info  #4903 prop r=1 foot=3.2x2.7 h=2.1 at (174.5,129.2) [2] | #5140 prop r=0.9 foot=1.7x1.2 h=1.2 at (-213.9,98.8) [2] | #5265 prop r=0.7 foot=0.9x1.0 h=1.4 at (-197.3,-119.9) [2]
   float          0  ok    
   sunk         222  info  #1145 prop r=0.5 foot=0.8x0.4 h=0.4 at (24.7,105.2) top 0.42 min -0.00 | #1146 prop r=0.5 foot=0.8x0.4 h=0.4 at (-33.4,70.8) top 0.42 min -0.00 | #1147 prop r=0.5 foot=0.8x0.4 h=0.4 at (45.8,89.3) top 0.42 min -0.00
   inside        24  FAIL  #2335 prop r=1 foot=0.7x0.7 h=5.6 at (-130.0,69.9) INSIDE #1939 rv r=4.2 foot=12.2x6.6 h=5.2 at (-132.0,66.9) [-0.29] | #2021 prop r=0.7 foot=0.9x1.0 h=1.4 at (-89.4,151.1) INSIDE #1932 rv r=4.2 foot=12.2x6.6 h=5.2 at (-90.2,147.6) [-0.34] | #5024 prop r=0.8 foot=1.4x1.0 h=1.6 at (-119.6,140.2) INSIDE #1923 rv r=4.2 foot=12.2x6.6 h=5.2 at (-122.4,136.4) [-1.41]
   under         67  info  #2062 prop r=0.7 foot=0.9x1.0 h=1.4 at (-133.6,69.6) under #1939 rv r=4.2 foot=12.2x6.6 h=5.2 at (-132.0,66.9) [0.19] | #2173 prop r=1.8 foot=5.3x1.5 h=3.8 at (-127.9,84.4) under #1934 rv r=4.2 foot=12.2x6.6 h=5.2 at (-126.0,81.6) [-0.1] | #2385 prop r=0.8 foot=1.4x1.0 h=1.6 at (-91.9,175.5) under #1949 rv r=4.2 foot=12.2x6.6 h=5.2 at (-90.9,172.2) [-0.11]
   overlap      196  FAIL  #1914 rv r=4.2 foot=12.2x6.6 h=5.2 at (-124.7,69.6) x #1918 rv r=4.2 foot=12.2x6.6 h=5.2 at (-120.9,75.9) [4.98] | #1935 rv r=4.2 foot=12.2x6.6 h=5.2 at (-151.6,31.7) x #1946 rv r=4.2 foot=12.2x6.6 h=5.2 at (-147.2,37.6) [4.96] | #1906 rv r=4.2 foot=12.2x6.6 h=5.2 at (-102.2,134.4) x #1938 rv r=4.2 foot=12.2x6.6 h=5.2 at (-100.7,142.4) [4.21]
   clutter      298  info  #4838 prop r=1 foot=3.9x3.2 h=2.5 at (-177.2,-139.3) x #4909 prop r=1 foot=3.6x3.0 h=2.3 at (-178.9,-139.9) [2.37] | #4887 prop r=1 foot=3.8x3.2 h=2.5 at (-209.1,-27.4) x #4901 prop r=1 foot=3.9x3.2 h=2.5 at (-211.3,-26.7) [2.23] | #4798 prop r=1 foot=4.0x3.3 h=2.6 at (-57.6,239.6) x #4926 prop r=1 foot=3.1x2.6 h=2.0 at (-56.0,238.7) [2.14]
   roadend        0  ok    
   door           0  ok    
   bench          0  ok    
   benchaway      0  info  
   piste          0  info  
   ice            0  info  
   shot /home/user/voidling/artifacts/3d-game/docs/crews/round-5/shots/placement-s7/wip-gameday-overlap-0.png  <- #2430 house r=7 foot=15.6x8.6 h=8.5 at (118.0,88.1) x #2431 house r=7 foot=15.6x8.6 h=8.5 at (116.6,99.6)  (screen 212,377)
   shot /home/user/voidling/artifacts/3d-game/docs/crews/round-5/shots/placement-s7/wip-gameday-overlap-1.png  <- #2428 house r=7 foot=15.6x8.6 h=8.5 at (91.5,127.1) x #2435 house r=7 foot=15.6x8.6 h=8.5 at (92.1,138.6)  (screen 216,400)
   shot /home/user/voidling/artifacts/3d-game/docs/crews/round-5/shots/placement-s7/wip-gameday-inside-0.png  <- #2233 prop r=1.4 foot=3.5x2.1 h=2.2 at (-102.8,117.9) INSIDE #1924 rv r=4.2 foot=12.2x6.6 h=5.2 at (-99.5,119.0)  (screen 218,419)

PLACEMENT FAIL — gameday  (bars: road lip 0.25, float 0.3, buried top 0.6, overlap 0.35, door 1.6, ground 1)
