
══ PIRATE ══  3520 static props (24 benches, 0 houses w/ doors), audited in 22s  FAIL
   category      n  verdict  worst
   road          17  FAIL  #2404 prop r=1.4 foot=2.0x1.8 h=1.3 at (129.8,-48.0) [5.24] | #3513 bldg r=4 foot=71.4x1.4 h=12.6 at (-92.0,-45.0) [5.08] | #3373 prop r=1.8 foot=1.2x1.2 h=3.7 at (-138.0,111.8) [5.03]
   water          0  ok    
   offisland      4  FAIL  #335 bldg r=4.8 foot=4.8x3.9 h=6.8 at (83.6,242.2) | #362 bldg r=4.8 foot=4.0x6.3 h=6.2 at (-149.6,-213.1) | #388 bldg r=4.8 foot=6.5x5.2 h=6.2 at (19.0,143.4)
   overhang      77  info  #389 bldg r=4.8 foot=4.2x6.0 h=6.8 at (171.8,220.2) [2] | #408 bldg r=5.6 foot=10.3x10.8 h=10.4 at (-85.0,-257.9) [2] | #411 bldg r=5.6 foot=8.7x8.6 h=10.9 at (-203.7,-113.9) [2]
   float          0  ok    
   sunk         486  info  #1228 prop r=0.5 foot=1.0x0.8 h=0.3 at (-123.3,125.2) top 0.28 min 0.00 | #1229 prop r=0.5 foot=1.0x0.8 h=0.3 at (73.7,-218.2) top 0.28 min 0.00 | #1230 prop r=0.5 foot=1.0x0.8 h=0.3 at (181.4,201.7) top 0.28 min 0.00
   inside        66  FAIL  #2309 prop r=0.7 foot=1.4x1.4 h=1.4 at (-28.4,-205.9) INSIDE #2280 bldg r=9 foot=23.8x25.0 h=27.5 at (-30.0,-197.5) [3.31] | #2354 prop r=1.2 foot=0.8x0.8 h=7.8 at (-24.1,-190.7) INSIDE #2280 bldg r=9 foot=23.8x25.0 h=27.5 at (-30.0,-197.5) [2.91] | #2257 prop r=1.3 foot=1.9x1.9 h=2.2 at (-21.1,-195.9) INSIDE #2280 bldg r=9 foot=23.8x25.0 h=27.5 at (-30.0,-197.5) [2.84]
   under         48  info  #2913 bldg r=2.6 foot=0.8x0.8 h=7.5 at (-122.9,18.9) under #3514 bldg r=5 foot=11.6x9.8 h=10.4 at (-124.5,16.3) [1.79] | #2171 prop r=1.4 foot=2.1x0.8 h=1.7 at (40.9,-134.9) under #2142 bldg r=7.5 foot=31.2x15.6 h=17.5 at (41.7,-128.8) [1.73] | #2418 prop r=1.4 foot=2.0x1.8 h=1.3 at (167.7,8.0) under #2380 bldg r=3 foot=6.4x6.4 h=6.9 at (168.9,6.4) [1.18]
   overlap      171  FAIL  #2043 bldg r=3 foot=9.0x9.0 h=8.3 at (156.0,-42.6) x #2466 bldg r=7 foot=12.8x12.0 h=11.6 at (162.9,-42.7) [5.82] | #2465 bldg r=10 foot=26.0x14.0 h=27.5 at (127.0,-115.0) x #2532 prop r=2.2 foot=8.3x8.3 h=2.6 at (126.2,-104.6) [5.74] | #2376 bldg r=3 foot=6.4x6.4 h=6.9 at (169.5,-14.6) x #2537 prop r=2.2 foot=8.3x8.3 h=2.6 at (166.9,-18.0) [4.23]
   clutter       78  info  #2269 prop r=1.3 foot=1.9x1.9 h=2.2 at (13.7,-161.1) x #3515 prop r=2.2 foot=5.1x3.9 h=0.7 at (13.8,-162.3) [1.89] | #3328 prop r=1.2 foot=2.1x2.1 h=1.9 at (-97.0,159.5) x #3499 prop r=2.4 foot=2.0x3.4 h=1.1 at (-96.4,160.4) [1.48] | #2965 prop r=1.6 foot=3.6x3.0 h=2.3 at (-141.0,-2.6) x #2980 prop r=1.6 foot=3.9x3.2 h=2.5 at (-143.6,-1.7) [1.45]
   roadend        1  FAIL  PROMENADE end 1 at (40.0,214.0) joins NOTHING | PROMENADE end 0 at (-0.8,-255.0) joins coast | TRAIL end 0 at (52.5,-172.5) joins PROMENADE | TRAIL end 1 at (-135.0,134.5) joins coast
   door           0  ok    
   bench          0  ok    
   benchaway      0  info  
   piste          0  info  
   ice            0  info  
   shot /home/user/voidling/artifacts/3d-game/docs/crews/round-5/shots/placement-s7/wip-pirate-overlap-0.png  <- #433 bldg r=5.6 foot=8.7x8.6 h=11.5 at (178.8,-17.7) x #2045 bldg r=5.5 foot=14.4x10.0 h=4.3 at (171.2,-19.7)  (screen 210,366)
   shot /home/user/voidling/artifacts/3d-game/docs/crews/round-5/shots/placement-s7/wip-pirate-overlap-1.png  <- #2420 bldg r=5.5 foot=14.4x10.0 h=4.3 at (152.7,14.9) x #2473 bldg r=7.5 foot=21.0x13.0 h=8.0 at (157.5,27.5)  (screen 217,376)
   shot /home/user/voidling/artifacts/3d-game/docs/crews/round-5/shots/placement-s7/wip-pirate-inside-0.png  <- #2865 bldg r=2.6 foot=0.8x0.8 h=7.5 at (-85.1,-84.4) INSIDE #2915 bldg r=9 foot=20.0x20.3 h=23.4 at (-84.9,-89.9)  (screen 219,404)
   shot /home/user/voidling/artifacts/3d-game/docs/crews/round-5/shots/placement-s7/wip-pirate-roadend-0.png  <- PROMENADE end 0 at (5.0,-210.0) joins NOTHING  (screen 207,414)
   shot /home/user/voidling/artifacts/3d-game/docs/crews/round-5/shots/placement-s7/wip-pirate-roadend-1.png  <- PROMENADE end 1 at (40.0,214.0) joins NOTHING  (screen 221,412)
   shot /home/user/voidling/artifacts/3d-game/docs/crews/round-5/shots/placement-s7/wip-pirate-roadend-2.png  <- TRAIL end 0 at (10.0,-125.0) joins NOTHING  (screen 206,426)
   shot /home/user/voidling/artifacts/3d-game/docs/crews/round-5/shots/placement-s7/wip-pirate-roadend-3.png  <- TRAIL end 1 at (-130.0,130.0) joins NOTHING  (screen 229,416)

PLACEMENT FAIL — pirate  (bars: road lip 0.25, float 0.3, buried top 0.6, overlap 0.35, door 1.6, ground 1)
