
══ GAMEDAY ══  5902 static props (0 benches, 0 houses w/ doors), audited in 42s  FAIL
   category      n  verdict  worst
   road           0  ok    
   water          0  ok    
   offisland      2  FAIL  #5064 prop r=0.9 foot=1.7x1.2 h=1.2 at (153.4,179.9) | #5066 prop r=0.9 foot=1.7x1.2 h=1.2 at (144.7,188.3)
   overhang      59  info  #4859 prop r=1 foot=3.2x2.7 h=2.1 at (174.5,129.2) [2] | #5095 prop r=0.9 foot=1.7x1.2 h=1.2 at (-213.9,98.8) [2] | #5219 prop r=0.7 foot=0.9x1.0 h=1.4 at (-197.3,-119.9) [2]
   float          0  ok    
   sunk         222  info  #1139 prop r=0.5 foot=0.8x0.4 h=0.4 at (24.7,105.2) top 0.42 min -0.00 | #1140 prop r=0.5 foot=0.8x0.4 h=0.4 at (-33.4,70.8) top 0.42 min -0.00 | #1141 prop r=0.5 foot=0.8x0.4 h=0.4 at (45.8,89.3) top 0.42 min -0.00
   inside         1  FAIL  #1109 prop r=0.8 foot=1.4x1.0 h=1.6 at (11.4,178.2) INSIDE #188 car r=3 foot=8.3x3.1 h=3.1 at (12.1,182.0) [-2.31]
   under         57  info  #2135 prop r=1.8 foot=5.3x1.5 h=3.8 at (-127.9,84.4) under #1918 rv r=4.2 foot=12.2x6.6 h=5.2 at (-126.0,81.6) [-0.1] | #2345 prop r=0.8 foot=1.4x1.0 h=1.6 at (-91.9,175.5) under #1929 rv r=4.2 foot=12.2x6.6 h=5.2 at (-90.9,172.2) [-0.11] | #2160 prop r=1.4 foot=3.5x2.1 h=2.2 at (-76.7,185.9) under #1920 rv r=4.2 foot=12.2x6.6 h=5.2 at (-74.2,183.6) [-0.18]
   overlap      163  FAIL  #1932 rv r=4.2 foot=12.2x6.6 h=5.2 at (-181.2,57.5) x #1958 prop r=1.9 foot=5.5x3.1 h=2.3 at (-176.9,62.7) [2.42] | #1924 rv r=4.2 foot=12.2x6.6 h=5.2 at (-83.8,167.8) x #5352 prop r=1.4 foot=3.6x2.9 h=2.7 at (-79.5,172.0) [2.2] | #1914 rv r=4.2 foot=12.2x6.6 h=5.2 at (-131.8,92.1) x #2182 prop r=1.4 foot=3.5x2.1 h=2.2 at (-128.9,97.4) [1.91]
   clutter      299  info  #4794 prop r=1 foot=3.9x3.2 h=2.5 at (-177.2,-139.3) x #4865 prop r=1 foot=3.6x3.0 h=2.3 at (-178.9,-139.9) [2.37] | #4843 prop r=1 foot=3.8x3.2 h=2.5 at (-209.1,-27.4) x #4857 prop r=1 foot=3.9x3.2 h=2.5 at (-211.3,-26.7) [2.23] | #4754 prop r=1 foot=4.0x3.3 h=2.6 at (-57.6,239.6) x #4882 prop r=1 foot=3.1x2.6 h=2.0 at (-56.0,238.7) [2.14]
   roadend        0  ok    
   door           0  ok    
   bench          0  ok    
   benchaway      0  info  
   piste          0  info  
   ice            0  info  
   shot /home/user/voidling/artifacts/3d-game/docs/crews/round-5/shots/placement-s7v/after-gameday-overlap-0.png  <- #2430 house r=7 foot=15.6x8.6 h=8.5 at (118.0,88.1) x #2431 house r=7 foot=15.6x8.6 h=8.5 at (116.6,99.6)  (screen 212,378)
   shot /home/user/voidling/artifacts/3d-game/docs/crews/round-5/shots/placement-s7v/after-gameday-overlap-1.png  <- #2428 house r=7 foot=15.6x8.6 h=8.5 at (91.5,127.1) x #2435 house r=7 foot=15.6x8.6 h=8.5 at (92.1,138.6)  (screen 217,395)
   shot /home/user/voidling/artifacts/3d-game/docs/crews/round-5/shots/placement-s7v/after-gameday-inside-0.png  <- #2233 prop r=1.4 foot=3.5x2.1 h=2.2 at (-102.8,117.9) INSIDE #1924 rv r=4.2 foot=12.2x6.6 h=5.2 at (-99.5,119.0)  (screen 218,416)

PLACEMENT FAIL — gameday  (bars: road lip 0.25, float 0.3, buried top 0.6, overlap 0.35, door 1.6, ground 1)
