
══ MAPLE ══  5441 static props (40 benches, 70 houses w/ doors), audited in 30s  FAIL
   category      n  verdict  worst
   road           0  ok    
   water          0  ok    
   offisland      0  ok    
   overhang       4  info  #1218 bldg r=4.2 foot=20.1x4.0 h=5.4 at (-65.0,271.5) [2] | #1355 prop r=0.77 foot=1.4x1.4 h=1.4 at (-194.1,-230.0) [2] | #1655 prop r=0.82 foot=1.4x1.4 h=1.4 at (245.2,-116.7) [2]
   float          0  ok    
   sunk         171  info  #5436 prop r=2 foot=4.0x4.0 h=0.8 at (-42.8,-213.8) top 0.40 min -0.40 [0.4] | #2368 prop r=0.77 foot=1.0x0.9 h=0.3 at (-188.7,210.0) top 0.28 min 0.00 | #2370 prop r=0.69 foot=1.0x0.9 h=0.3 at (-206.9,212.7) top 0.28 min 0.00
   inside       186  FAIL  #3924 bldg r=2.8 foot=1.4x1.4 h=8.7 at (40.4,-60.3) INSIDE #0 bldg r=6.5 foot=22.0x21.5 h=19.4 at (42.8,-64.8) [5.75] | #1833 prop r=0.66 foot=1.2x1.3 h=1.6 at (48.0,-64.5) INSIDE #0 bldg r=6.5 foot=22.0x21.5 h=19.4 at (42.8,-64.8) [5.47] | #2803 prop r=1.8 foot=1.1x0.8 h=1.5 at (136.6,148.2) INSIDE #5269 bldg r=5.2 foot=16.0x11.5 h=14.4 at (136.0,148.0) [5.16]
   under         87  info  #1594 prop r=0.81 foot=1.0x0.1 h=1.5 at (63.5,-151.0) under #703 bldg r=5.5 foot=25.1x16.6 h=27.9 at (64.0,-148.7) [5.86] | #5409 prop r=1.2 foot=1.8x0.1 h=1.9 at (41.3,-59.3) under #0 bldg r=6.5 foot=22.0x21.5 h=19.4 at (42.8,-64.8) [5.05] | #5410 prop r=1.2 foot=1.8x0.1 h=1.9 at (44.3,-59.3) under #0 bldg r=6.5 foot=22.0x21.5 h=19.4 at (42.8,-64.8) [5.05]
   overlap      193  FAIL  #150 prop r=2.4 foot=5.8x3.6 h=3.3 at (37.8,34.3) x #5420 bldg r=6 foot=13.1x4.8 h=8.1 at (42.8,35.2) [3.37] | #151 prop r=2.4 foot=5.8x3.6 h=3.3 at (47.8,34.3) x #5420 bldg r=6 foot=13.1x4.8 h=8.1 at (42.8,35.2) [3.37] | #518 prop r=1.6 foot=3.8x3.2 h=2.5 at (13.0,146.6) x #575 house r=3.2 foot=5.7x6.4 h=6.0 at (14.1,144.8) [3.19]
   clutter      273  info  #429 prop r=1.6 foot=3.6x3.0 h=2.3 at (-74.2,109.9) x #2239 prop r=0.6 foot=3.3x2.8 h=2.2 at (-74.4,108.5) [2.49] | #479 prop r=1.6 foot=3.2x2.7 h=2.1 at (-61.0,128.8) x #3540 prop r=1.4 foot=3.5x2.9 h=2.3 at (-61.1,129.9) [2.39] | #1170 prop r=1.6 foot=3.3x2.7 h=2.1 at (-72.4,-245.3) x #3038 prop r=2 foot=2.6x2.8 h=1.8 at (-72.4,-246.3) [2.34]
   roadend        0  ok    
   door           5  FAIL  #272 house r=3.2 foot=6.5x7.1 h=5.9 at (-138.3,71.4): doorstep blocked by #5289 bldg r=5.2 foot=16.0x11.5 h=14.4 at (-130.8,70.1) [1] | #309 house r=3.2 foot=7.0x6.3 h=6.3 at (-156.9,42.8): doorstep blocked by #1990 prop r=0.55 foot=1.2x1.3 h=0.4 at (-161.1,42.7) [1] | #423 house r=3.2 foot=6.6x6.4 h=6.8 at (-72.8,99.6): doorstep blocked by #2236 prop r=0.8 foot=1.4x1.4 h=1.4 at (-72.9,95.6) [1]
   bench          3  FAIL  #25 bench r=2.4 foot=3.0x1.0 h=2.0 at (57.8,-15.5) faces #2 bldg r=4 foot=9.8x10.0 h=3.9 at (61.5,-16.0) 1.2u in front [1.8] | #24 bench r=2.4 foot=3.0x1.0 h=2.0 at (57.8,-28.5) faces #3125 prop r=1.4 foot=3.9x3.3 h=2.5 at (54.8,-29.9) 2u in front [1] | #918 bench r=1.6 foot=3.0x1.0 h=2.0 at (139.1,154.9) faces #917 prop r=1.6 foot=3.1x2.6 h=2.0 at (139.5,158.1) 2u in front [1]
   benchaway     13  info  #880 bench r=1.6 foot=3.0x1.0 h=2.0 at (132.8,9.3) back to road z=0 (dot -1.00, 9.3u off) [1] | #940 bench r=1.6 foot=3.0x1.0 h=2.0 at (233.7,93.8) back to road z=86 (dot -1.00, 8.3u off) [1] | #1247 bench r=2.4 foot=3.0x1.0 h=2.0 at (-227.3,179.1) back to road z=171 (dot -1.00, 8.1u off) [1]
   piste          0  info  
   ice            0  info  
   shot /home/user/voidling/artifacts/3d-game/docs/crews/round-5/shots/placement-s7v/before-maple-inside-0.png  <- #3924 bldg r=2.8 foot=1.4x1.4 h=8.7 at (40.4,-60.3) INSIDE #0 bldg r=6.5 foot=22.0x21.5 h=19.4 at (42.8,-64.8)  (screen 215,380)
   shot /home/user/voidling/artifacts/3d-game/docs/crews/round-5/shots/placement-s7v/before-maple-inside-1.png  <- #1833 prop r=0.66 foot=1.2x1.3 h=1.6 at (48.0,-64.5) INSIDE #0 bldg r=6.5 foot=22.0x21.5 h=19.4 at (42.8,-64.8)  (screen 215,408)
   shot /home/user/voidling/artifacts/3d-game/docs/crews/round-5/shots/placement-s7v/before-maple-overlap-0.png  <- #150 prop r=2.4 foot=5.8x3.6 h=3.3 at (37.8,34.3) x #5420 bldg r=6 foot=13.1x4.8 h=8.1 at (42.8,35.2)  (screen 217,414)
   shot /home/user/voidling/artifacts/3d-game/docs/crews/round-5/shots/placement-s7v/before-maple-overlap-1.png  <- #151 prop r=2.4 foot=5.8x3.6 h=3.3 at (47.8,34.3) x #5420 bldg r=6 foot=13.1x4.8 h=8.1 at (42.8,35.2)  (screen 215,419)
   shot /home/user/voidling/artifacts/3d-game/docs/crews/round-5/shots/placement-s7v/before-maple-door-0.png  <- #272 house r=3.2 foot=6.5x7.1 h=5.9 at (-138.3,71.4): doorstep blocked by #5289 bldg r=5.2 foot=16.0x11.5 h=14.4 at (-130.8,70.1)  (screen 222,422)

PLACEMENT FAIL — maple  (bars: road lip 0.25, float 0.3, buried top 0.6, overlap 0.35, door 1.6, ground 1)
