
══ GAMEDAY ══  6069 static props (0 benches, 0 houses w/ doors), audited in 51s  FAIL
   category      n  verdict  worst
   road           0  ok    
   water          0  ok    
   offisland      0  ok    
   overhang      40  info  #4898 prop r=1 foot=4.0x3.3 h=2.6 at (112.7,-190.7) [2] | #5035 prop r=1 foot=3.4x2.9 h=2.2 at (83.7,243.2) [2] | #5088 prop r=1.4 foot=3.6x2.9 h=2.7 at (7.2,246.0) [2]
   float          0  ok    
   sunk         222  info  #1145 prop r=0.5 foot=0.8x0.4 h=0.4 at (-31.6,141.3) top 0.42 min -0.00 | #1146 prop r=0.5 foot=0.8x0.4 h=0.4 at (-29.7,160.0) top 0.42 min -0.00 | #1147 prop r=0.5 foot=0.8x0.4 h=0.4 at (-59.4,119.9) top 0.42 min -0.00
   inside        44  FAIL  #2233 prop r=1.4 foot=3.5x2.1 h=2.2 at (-102.8,117.9) INSIDE #1924 rv r=4.2 foot=12.2x6.6 h=5.2 at (-99.5,119.0) [-0.26] | #2126 prop r=1.4 foot=2.8x1.5 h=3.0 at (-125.2,54.4) INSIDE #1917 rv r=4.2 foot=12.2x6.6 h=5.2 at (-128.2,51.6) [-0.8] | #5450 prop r=1.2 foot=0.2x4.0 h=3.2 at (-124.0,18.7) INSIDE #1937 rv r=4.2 foot=12.2x6.6 h=5.2 at (-126.8,15.4) [-1.03]
   under        151  info  #1337 prop r=1.6 foot=3.3x2.2 h=2.8 at (57.1,67.0) under #62 rv r=4.2 foot=12.2x6.6 h=5.2 at (54.5,66.5) [0.65] | #2006 prop r=0.7 foot=0.9x1.0 h=1.4 at (-169.4,48.6) under #1951 rv r=4.2 foot=12.2x6.6 h=5.2 at (-167.6,46.7) [0.62] | #283 prop r=1.4 foot=2.8x1.5 h=3.0 at (-31.3,67.8) under #51 rv r=4.2 foot=12.2x6.6 h=5.2 at (-33.2,65.5) [0.3]
   overlap      279  FAIL  #2430 house r=7 foot=15.6x8.6 h=8.5 at (118.0,88.1) x #2431 house r=7 foot=15.6x8.6 h=8.5 at (116.6,99.6) [4.55] | #2428 house r=7 foot=15.6x8.6 h=8.5 at (91.5,127.1) x #2435 house r=7 foot=15.6x8.6 h=8.5 at (92.1,138.6) [4.22] | #2915 house r=8 foot=17.6x9.6 h=9.9 at (139.8,-86.8) x #2918 house r=8 foot=17.6x9.6 h=9.9 at (151.5,-92.7) [3.66]
   clutter      281  info  #5018 prop r=1 foot=3.2x2.6 h=2.0 at (137.2,-135.4) x #5928 prop r=1 foot=3.8x3.2 h=2.5 at (135.7,-134.4) [2.36] | #4901 prop r=1 foot=3.7x3.1 h=2.4 at (148.1,179.0) x #5037 prop r=1 foot=3.9x3.2 h=2.5 at (147.6,180.9) [2.07] | #4910 prop r=1 foot=3.8x3.1 h=2.4 at (217.9,-53.8) x #5834 prop r=1 foot=4.0x3.4 h=2.6 at (218.8,-51.5) [2.07]
   roadend        0  ok    
   door           0  ok    
   bench          0  ok    
   benchaway      0  info  
   piste          0  info  
   ice            0  info  
   shot /home/user/voidling/artifacts/3d-game/docs/crews/round-5/shots/placement-s7v/before-gameday-overlap-0.png  <- #2430 house r=7 foot=15.6x8.6 h=8.5 at (118.0,88.1) x #2431 house r=7 foot=15.6x8.6 h=8.5 at (116.6,99.6)  (screen 209,348)
   shot /home/user/voidling/artifacts/3d-game/docs/crews/round-5/shots/placement-s7v/before-gameday-overlap-1.png  <- #2428 house r=7 foot=15.6x8.6 h=8.5 at (91.5,127.1) x #2435 house r=7 foot=15.6x8.6 h=8.5 at (92.1,138.6)  (screen 216,385)
   shot /home/user/voidling/artifacts/3d-game/docs/crews/round-5/shots/placement-s7v/before-gameday-inside-0.png  <- #2233 prop r=1.4 foot=3.5x2.1 h=2.2 at (-102.8,117.9) INSIDE #1924 rv r=4.2 foot=12.2x6.6 h=5.2 at (-99.5,119.0)  (screen 222,407)

PLACEMENT FAIL — gameday  (bars: road lip 0.25, float 0.3, buried top 0.6, overlap 0.35, door 1.6, ground 1)
