=== maple / house ===
     HUNT      seconds to reach N of "house" (of 70 on the island)
               1: p10 75 · p50 77 · p90 79  ·  2: p10 75 · p50 77 · p90 79  ·  3: p10 76 · p50 78 · p90 79  ·  4: p10 76 · p50 78 · p90 80  ·  5: p10 76 · p50 78 · p90 81  ·  8: p10 78 · p50 80 · p90 82  ·  10: p10 79 · p50 81 · p90 82  ·  15: p10 84 · p50 86 · p90 88  ·  20: p10 86 · p50 88 · p90 90  ·  40: p10 97 · p50 101 · p90 102
=== maple / car ===
     HUNT      seconds to reach N of "car" (of 52 on the island)
               1: p10 52 · p50 56 · p90 57  ·  2: p10 53 · p50 56 · p90 57  ·  3: p10 54 · p50 62 · p90 70  ·  4: p10 54 · p50 66 · p90 74  ·  5: p10 54 · p50 70 · p90 80  ·  8: p10 67 · p50 78 · p90 83  ·  10: p10 73 · p50 79 · p90 84  ·  15: p10 84 · p50 85 · p90 94  ·  20: p10 87 · p50 91 · p90 106  ·  40: p10 137 · p50 140 · p90 140
=== pirate / gild ===
     HUNT      seconds to reach N of "gild" (of 20 on the island)
               1: p10 28 · p50 28 · p90 28  ·  2: p10 37 · p50 37 · p90 37  ·  3: p10 41 · p50 41 · p90 42  ·  4: p10 49 · p50 50 · p90 50  ·  5: p10 50 · p50 52 · p90 58  ·  8: p10 56 · p50 57 · p90 63  ·  10: p10 63 · p50 66 · p90 71  ·  15: p10 81 · p50 100 · p90 147  ·  20: p10 147 · p50 147 · p90 147  ·  40: never
=== pirate / cabana ===
     HUNT      seconds to reach N of "cabana" (of 578 on the island)
               1: p10 34 · p50 36 · p90 40  ·  2: p10 34 · p50 42 · p90 45  ·  3: p10 35 · p50 45 · p90 46  ·  4: p10 36 · p50 45 · p90 46  ·  5: p10 37 · p50 46 · p90 46  ·  8: p10 37 · p50 47 · p90 47  ·  10: p10 38 · p50 47 · p90 48  ·  15: p10 46 · p50 48 · p90 50  ·  20: p10 48 · p50 49 · p90 52  ·  40: p10 53 · p50 55 · p90 88
=== gameday / car ===
     HUNT      seconds to reach N of "car" (of 185 on the island)
               1: p10 42 · p50 52 · p90 64  ·  2: p10 45 · p50 53 · p90 65  ·  3: p10 47 · p50 53 · p90 65  ·  4: p10 48 · p50 58 · p90 65  ·  5: p10 60 · p50 65 · p90 66  ·  8: p10 62 · p50 66 · p90 67  ·  10: p10 62 · p50 66 · p90 67  ·  15: p10 64 · p50 69 · p90 69  ·  20: p10 65 · p50 71 · p90 71  ·  40: p10 77 · p50 79 · p90 79
=== gameday / house ===
     HUNT      seconds to reach N of "house" (of 110 on the island)
               1: p10 84 · p50 93 · p90 111  ·  2: p10 94 · p50 111 · p90 116  ·  3: p10 95 · p50 112 · p90 116  ·  4: p10 96 · p50 112 · p90 117  ·  5: p10 98 · p50 114 · p90 117  ·  8: p10 99 · p50 115 · p90 118  ·  10: p10 99 · p50 119 · p90 124  ·  15: p10 101 · p50 122 · p90 126  ·  20: p10 103 · p50 124 · p90 128  ·  40: p10 152 · p50 156 · p90 163
=== lantern / gild ===
     HUNT      seconds to reach N of "gild" (of 20 on the island)
               1: p10 7 · p50 8 · p90 8  ·  2: p10 9 · p50 18 · p90 18  ·  3: p10 14 · p50 21 · p90 21  ·  4: p10 22 · p50 27 · p90 27  ·  5: p10 23 · p50 30 · p90 30  ·  8: p10 35 · p50 42 · p90 42  ·  10: p10 48 · p50 51 · p90 53  ·  15: p10 62 · p50 71 · p90 78  ·  20: never  ·  40: never
=== lantern / house ===
     HUNT      seconds to reach N of "house" (of 319 on the island)
               1: p10 19 · p50 28 · p90 28  ·  2: p10 27 · p50 28 · p90 29  ·  3: p10 27 · p50 30 · p90 30  ·  4: p10 28 · p50 31 · p90 31  ·  5: p10 29 · p50 31 · p90 32  ·  8: p10 30 · p50 32 · p90 34  ·  10: p10 33 · p50 33 · p90 34  ·  15: p10 35 · p50 35 · p90 41  ·  20: p10 39 · p50 40 · p90 44  ·  40: p10 48 · p50 49 · p90 54
=== powder / gild ===
     HUNT      seconds to reach N of "gild" (of 20 on the island)
               1: p10 4 · p50 4 · p90 4  ·  2: p10 11 · p50 11 · p90 11  ·  3: p10 13 · p50 13 · p90 13  ·  4: p10 20 · p50 20 · p90 20  ·  5: p10 25 · p50 25 · p90 25  ·  8: p10 29 · p50 29 · p90 29  ·  10: p10 41 · p50 43 · p90 43  ·  15: p10 51 · p50 53 · p90 56  ·  20: 95  ·  40: never
=== powder / house ===
     HUNT      seconds to reach N of "house" (of 25 on the island)
               1: p10 38 · p50 38 · p90 40  ·  2: p10 90 · p50 98 · p90 121  ·  3: p10 91 · p50 100 · p90 121  ·  4: p10 91 · p50 113 · p90 122  ·  5: p10 92 · p50 121 · p90 122  ·  8: p10 94 · p50 123 · p90 123  ·  10: 95  ·  15: 98  ·  20: 100  ·  40: never
=== skylark / gild ===
     HUNT      seconds to reach N of "gild" (of 20 on the island)
               1: p10 3 · p50 3 · p90 4  ·  2: p10 7 · p50 7 · p90 12  ·  3: p10 9 · p50 9 · p90 16  ·  4: p10 13 · p50 13 · p90 17  ·  5: p10 15 · p50 15 · p90 17  ·  8: p10 22 · p50 24 · p90 24  ·  10: p10 27 · p50 27 · p90 29  ·  15: p10 40 · p50 41 · p90 41  ·  20: never  ·  40: never
=== skylark / car ===
     HUNT      seconds to reach N of "car" (of 98 on the island)
               1: p10 13 · p50 18 · p90 18  ·  2: p10 13 · p50 18 · p90 18  ·  3: p10 14 · p50 18 · p90 18  ·  4: p10 14 · p50 19 · p90 19  ·  5: p10 15 · p50 19 · p90 19  ·  8: p10 20 · p50 20 · p90 21  ·  10: p10 21 · p50 21 · p90 22  ·  15: p10 22 · p50 22 · p90 23  ·  20: p10 24 · p50 24 · p90 24  ·  40: p10 39 · p50 55 · p90 62
